// Jest Snapshot v1, https://goo.gl/fbAQLP

exports[`Search Component It should render SearchField component 1`] = `
<RCTSafeAreaView
  style={
    {
      "backgroundColor": "white",
      "flexBasis": 0,
      "flexGrow": 1,
      "flexShrink": 1,
    }
  }
>
  <View
    style={
      {
        "backgroundColor": "white",
        "flexBasis": 0,
        "flexGrow": 1,
        "flexShrink": 1,
        "paddingLeft": 20,
        "paddingRight": 20,
      }
    }
  >
    <View
      accessibilityState={
        {
          "busy": undefined,
          "checked": undefined,
          "disabled": undefined,
          "expanded": undefined,
          "selected": undefined,
        }
      }
      accessibilityValue={
        {
          "max": undefined,
          "min": undefined,
          "now": undefined,
          "text": undefined,
        }
      }
      accessible={true}
      collapsable={false}
      focusable={true}
      onBlur={[Function]}
      onClick={[Function]}
      onFocus={[Function]}
      onResponderGrant={[Function]}
      onResponderMove={[Function]}
      onResponderRelease={[Function]}
      onResponderTerminate={[Function]}
      onResponderTerminationRequest={[Function]}
      onStartShouldSetResponder={[Function]}
      style={
        {
          "marginBottom": 7,
        }
      }
      testID="back-button"
    >
      <mock-icon
        color="black"
        size={32}
        test-id="material-icon-arrow-back"
      />
    </View>
  </View>
</RCTSafeAreaView>
`;
